orxan@ubuntuserver:~$ su -
Password:
root@ubuntuserver:~# fdisk -l | grep sda
Disk /dev/sda: 50 GiB, 53687091200 bytes, 104857600 sectors
/dev/sda1      2048      4095     2048   1M BIOS boot
/dev/sda2      4096  41947135 41943040  20G Linux filesystem
/dev/sda3  41947136 104857566 62910431  30G Linux filesystem
root@ubuntuserver:~# fdisk /dev/sda

Welcome to fdisk (util-linux 2.34).
Changes will remain in memory only, until you decide to write them.
Be careful before using the write command.


Command (m for help): d
Partition number (1-3, default 3): 3

Partition 3 has been deleted.

Command (m for help): n
Partition number (3-128, default 3): 3
First sector (41947136-104857566, default 41947136):
Last sector, +/-sectors or +/-size{K,M,G,T,P} (41947136-104857566, default 104857566):

Created a new partition 3 of type 'Linux filesystem' and of size 30 GiB.
Partition #3 contains a ext4 signature.

Do you want to remove the signature? [Y]es/[N]o: p
Do you want to remove the signature? [Y]es/[N]o: y

The signature will be removed by a write command.

Command (m for help): p
Disk /dev/sda: 50 GiB, 53687091200 bytes, 104857600 sectors
Disk model: VMware Virtual S
Units: sectors of 1 * 512 = 512 bytes
Sector size (logical/physical): 512 bytes / 512 bytes
I/O size (minimum/optimal): 512 bytes / 512 bytes
Disklabel type: gpt
Disk identifier: 33D9B4B9-9B18-4D6E-8BBD-0217AC10F330

Device        Start       End  Sectors Size Type
/dev/sda1      2048      4095     2048   1M BIOS boot
/dev/sda2      4096  41947135 41943040  20G Linux filesystem
/dev/sda3  41947136 104857566 62910431  30G Linux filesystem

Filesystem/RAID signature on partition 3 will be wiped.

Command (m for help): w
The partition table has been altered.
Syncing disks.

root@ubuntuserver:~# fdisk -l | grep sda
Disk /dev/sda: 50 GiB, 53687091200 bytes, 104857600 sectors
/dev/sda1      2048      4095     2048   1M BIOS boot
/dev/sda2      4096  41947135 41943040  20G Linux filesystem
/dev/sda3  41947136 104857566 62910431  30G Linux filesystem
root@ubuntuserver:~# exit
logout
orxan@ubuntuserver:~$
