orxan@ubuntuserver:~$ mkfs -v -t ext4 /dev/sda3
mke2fs 1.45.5 (07-Jan-2020)
Could not open /dev/sda3: Permission denied
orxan@ubuntuserver:~$ su -
Password:
root@ubuntuserver:~# mkfs -v -t ext4 /dev/sda3
mke2fs 1.45.5 (07-Jan-2020)
/dev/sda3 contains a ext4 file system
        last mounted on Sun Aug  2 12:49:29 2020
Proceed anyway? (y,N) y
fs_types for mke2fs.conf resolution: 'ext4'
Filesystem label=
OS type: Linux
Block size=4096 (log=2)
Fragment size=4096 (log=2)
Stride=0 blocks, Stripe width=0 blocks
1966080 inodes, 7863803 blocks
393190 blocks (5.00%) reserved for the super user
First data block=0
Maximum filesystem blocks=2155872256
240 block groups
32768 blocks per group, 32768 fragments per group
8192 inodes per group
Filesystem UUID: 121aa879-2ef0-47f2-a0b7-a591a55a1f02
Superblock backups stored on blocks:
        32768, 98304, 163840, 229376, 294912, 819200, 884736, 1605632, 2654208,
        4096000

Allocating group tables: done
Writing inode tables: done
Creating journal (32768 blocks): done
Writing superblocks and filesystem accounting information: done

root@ubuntuserver:~# fdisk -l | grep sda
Disk /dev/sda: 50 GiB, 53687091200 bytes, 104857600 sectors
/dev/sda1      2048      4095     2048   1M BIOS boot
/dev/sda2      4096  41947135 41943040  20G Linux filesystem
/dev/sda3  41947136 104857566 62910431  30G Linux filesystem
